[INFO ] [2020-08-17 17:07:57] [org.hibernate.validator.internal.util.Version.<clinit>(Version.java:21)] HV000001: Hibernate Validator 6.0.10.Final
[INFO ] [2020-08-17 17:07:59] [org.springframework.cloud.commons.util.InetUtils.convertAddress(InetUtils.java:170)] Cannot determine local hostname
[INFO ] [2020-08-17 17:07:59] [org.springframework.context.support.AbstractApplicationContext.prepareRefresh(AbstractApplicationContext.java:590)] Refreshing org.springframework.context.annotation.AnnotationConfigApplicationContext@421e361: startup date [Mon Aug 17 17:07:59 GMT+08:00 2020]; root of context hierarchy
[INFO ] [2020-08-17 17:07:59] [org.springframework.beans.factory.annotation.AutowiredAnnotationBeanPostProcessor.<init>(AutowiredAnnotationBeanPostProcessor.java:154)] JSR-330 'javax.inject.Inject' annotation found and supported for autowiring
[INFO ] [2020-08-17 17:07:59] [org.springframework.context.support.PostProcessorRegistrationDelegate$BeanPostProcessorChecker.postProcessAfterInitialization(PostProcessorRegistrationDelegate.java:328)] Bean 'configurationPropertiesRebinderAutoConfiguration' of type [org.springframework.cloud.autoconfigure.ConfigurationPropertiesRebinderAutoConfiguration$$EnhancerBySpringCGLIB$$5c111a50] is not eligible for getting processed by all BeanPostProcessors (for example: not eligible for auto-proxying)
[INFO ] [2020-08-17 17:08:02] [org.springframework.cloud.commons.util.InetUtils.convertAddress(InetUtils.java:170)] Cannot determine local hostname
[INFO ] [2020-08-17 17:08:02] [org.springframework.boot.SpringApplication.logStartupProfileInfo(SpringApplication.java:663)] The following profiles are active: dev
[INFO ] [2020-08-17 17:08:02] [org.springframework.context.support.AbstractApplicationContext.prepareRefresh(AbstractApplicationContext.java:590)] Refreshing org.springframework.boot.web.servlet.context.AnnotationConfigServletWebServerApplicationContext@9d157ff: startup date [Mon Aug 17 17:08:02 GMT+08:00 2020]; parent: org.springframework.context.annotation.AnnotationConfigApplicationContext@421e361
[INFO ] [2020-08-17 17:08:03] [org.springframework.beans.factory.support.DefaultListableBeanFactory.registerBeanDefinition(DefaultListableBeanFactory.java:824)] Overriding bean definition for bean 'serviceRestTemplate' with a different definition: replacing [Generic bean: class [com.yjh.platform.common.restTemplate.ServiceRestTemplate]; scope=singleton; abstract=false; lazyInit=false; autowireMode=0; dependencyCheck=0; autowireCandidate=true; primary=false; factoryBeanName=null; factoryMethodName=null; initMethodName=null; destroyMethodName=null; defined in file [F:\IDEA\智慧变电\IotCenter\iot-center-platform\target\classes\com\yjh\platform\common\restTemplate\ServiceRestTemplate.class]] with [Root bean: class [null]; scope=; abstract=false; lazyInit=false; autowireMode=3; dependencyCheck=0; autowireCandidate=true; primary=false; factoryBeanName=logsAspect; factoryMethodName=serviceRestTemplate; initMethodName=null; destroyMethodName=(inferred); defined in class path resource [com/yjh/platform/common/logs/LogsAspect.class]]
[INFO ] [2020-08-17 17:08:03] [org.springframework.beans.factory.support.DefaultListableBeanFactory.registerBeanDefinition(DefaultListableBeanFactory.java:824)] Overriding bean definition for bean 'serviceRestTemplate' with a different definition: replacing [Root bean: class [null]; scope=; abstract=false; lazyInit=false; autowireMode=3; dependencyCheck=0; autowireCandidate=true; primary=false; factoryBeanName=logsAspect; factoryMethodName=serviceRestTemplate; initMethodName=null; destroyMethodName=(inferred); defined in class path resource [com/yjh/platform/common/logs/LogsAspect.class]] with [Root bean: class [null]; scope=; abstract=false; lazyInit=false; autowireMode=3; dependencyCheck=0; autowireCandidate=true; primary=false; factoryBeanName=platformApplication; factoryMethodName=serviceRestTemplate; initMethodName=null; destroyMethodName=(inferred); defined in com.yjh.platform.PlatformApplication]
[INFO ] [2020-08-17 17:08:03] [org.springframework.data.repository.config.RepositoryConfigurationDelegate.multipleStoresDetected(RepositoryConfigurationDelegate.java:163)] Multiple Spring Data modules found, entering strict repository configuration mode!
[INFO ] [2020-08-17 17:08:04] [org.springframework.cloud.context.scope.GenericScope.setSerializationId(GenericScope.java:294)] BeanFactory id=0cb384d3-51e5-3c13-8fe2-1a1b30af8182
[INFO ] [2020-08-17 17:08:04] [org.springframework.beans.factory.annotation.AutowiredAnnotationBeanPostProcessor.<init>(AutowiredAnnotationBeanPostProcessor.java:154)] JSR-330 'javax.inject.Inject' annotation found and supported for autowiring
[INFO ] [2020-08-17 17:08:04] [org.springframework.context.support.PostProcessorRegistrationDelegate$BeanPostProcessorChecker.postProcessAfterInitialization(PostProcessorRegistrationDelegate.java:328)] Bean 'org.springframework.transaction.annotation.ProxyTransactionManagementConfiguration' of type [org.springframework.transaction.annotation.ProxyTransactionManagementConfiguration$$EnhancerBySpringCGLIB$$3ff71753] is not eligible for getting processed by all BeanPostProcessors (for example: not eligible for auto-proxying)
[INFO ] [2020-08-17 17:08:04] [org.springframework.context.support.PostProcessorRegistrationDelegate$BeanPostProcessorChecker.postProcessAfterInitialization(PostProcessorRegistrationDelegate.java:328)] Bean 'org.springframework.boot.context.properties.ConversionServiceDeducer$Factory' of type [org.springframework.boot.context.properties.ConversionServiceDeducer$Factory] is not eligible for getting processed by all BeanPostProcessors (for example: not eligible for auto-proxying)
[INFO ] [2020-08-17 17:08:05] [org.springframework.context.support.PostProcessorRegistrationDelegate$BeanPostProcessorChecker.postProcessAfterInitialization(PostProcessorRegistrationDelegate.java:328)] Bean 'redisConn' of type [com.yjh.platform.configuration.RedisConn] is not eligible for getting processed by all BeanPostProcessors (for example: not eligible for auto-proxying)
[INFO ] [2020-08-17 17:08:05] [org.springframework.context.support.PostProcessorRegistrationDelegate$BeanPostProcessorChecker.postProcessAfterInitialization(PostProcessorRegistrationDelegate.java:328)] Bean 'redisConfig' of type [com.yjh.platform.configuration.RedisConfig$$EnhancerBySpringCGLIB$$ffb82726] is not eligible for getting processed by all BeanPostProcessors (for example: not eligible for auto-proxying)
[INFO ] [2020-08-17 17:08:05] [org.springframework.context.support.PostProcessorRegistrationDelegate$BeanPostProcessorChecker.postProcessAfterInitialization(PostProcessorRegistrationDelegate.java:328)] Bean 'keyGenerator' of type [com.yjh.platform.configuration.RedisConfig$1] is not eligible for getting processed by all BeanPostProcessors (for example: not eligible for auto-proxying)
[INFO ] [2020-08-17 17:08:05] [org.springframework.context.support.PostProcessorRegistrationDelegate$BeanPostProcessorChecker.postProcessAfterInitialization(PostProcessorRegistrationDelegate.java:328)] Bean 'org.springframework.cloud.autoconfigure.ConfigurationPropertiesRebinderAutoConfiguration' of type [org.springframework.cloud.autoconfigure.ConfigurationPropertiesRebinderAutoConfiguration$$EnhancerBySpringCGLIB$$5c111a50] is not eligible for getting processed by all BeanPostProcessors (for example: not eligible for auto-proxying)
[INFO ] [2020-08-17 17:08:06] [org.springframework.boot.web.embedded.tomcat.TomcatWebServer.initialize(TomcatWebServer.java:91)] Tomcat initialized with port(s): 18711 (http)
[INFO ] [2020-08-17 17:08:06] [org.springframework.boot.web.servlet.context.ServletWebServerApplicationContext.prepareWebApplicationContext(ServletWebServerApplicationContext.java:285)] Root WebApplicationContext: initialization completed in 4237 ms
[WARN ] [2020-08-17 17:08:07] [com.netflix.config.sources.URLConfigurationSource.<init>(URLConfigurationSource.java:121)] No URLs will be polled as dynamic configuration sources.
[INFO ] [2020-08-17 17:08:07] [com.netflix.config.sources.URLConfigurationSource.<init>(URLConfigurationSource.java:122)] To enable URLs as dynamic configuration sources, define System property archaius.configurationSource.additionalUrls or make config.properties available on classpath.
[INFO ] [2020-08-17 17:08:07] [com.netflix.config.DynamicPropertyFactory.getInstance(DynamicPropertyFactory.java:281)] DynamicPropertyFactory is initialized with configuration sources: com.netflix.config.ConcurrentCompositeConfiguration@6e38906
[INFO ] [2020-08-17 17:08:07] [com.yjh.platform.configuration.RedisConfig.redisConnectionFactory(RedisConfig.java:58)] ===============================REDIS=========================:127.0.0.1|6379
[INFO ] [2020-08-17 17:08:08] [com.yjh.platform.datasource.ManageDataSourceConfig.setDataSource(ManageDataSourceConfig.java:54)] druidDataSource001: {
	CreateTime:"2020-08-17 17:08:08",
	ActiveCount:0,
	PoolingCount:0,
	CreateCount:0,
	DestroyCount:0,
	CloseCount:0,
	ConnectCount:0,
	Connections:[
	]
}
[INFO ] [2020-08-17 17:08:09] [org.springframework.boot.web.servlet.AbstractFilterRegistrationBean.configure(AbstractFilterRegistrationBean.java:245)] Mapping filter: 'characterEncodingFilter' to: [/*]
[INFO ] [2020-08-17 17:08:09] [org.springframework.boot.web.servlet.AbstractFilterRegistrationBean.configure(AbstractFilterRegistrationBean.java:245)] Mapping filter: 'tracingFilter' to: [/*]
[INFO ] [2020-08-17 17:08:09] [org.springframework.boot.web.servlet.AbstractFilterRegistrationBean.configure(AbstractFilterRegistrationBean.java:245)] Mapping filter: 'exceptionLoggingFilter' to: [/*]
[INFO ] [2020-08-17 17:08:09] [org.springframework.boot.web.servlet.AbstractFilterRegistrationBean.configure(AbstractFilterRegistrationBean.java:245)] Mapping filter: 'sessionRepositoryFilter' to: [/*]
[INFO ] [2020-08-17 17:08:09] [org.springframework.boot.web.servlet.AbstractFilterRegistrationBean.configure(AbstractFilterRegistrationBean.java:245)] Mapping filter: 'httpTraceFilter' to: [/*]
[INFO ] [2020-08-17 17:08:09] [org.springframework.boot.web.servlet.AbstractFilterRegistrationBean.configure(AbstractFilterRegistrationBean.java:258)] Mapping filter: 'webStatFilter' to urls: [/*]
[INFO ] [2020-08-17 17:08:09] [org.springframework.boot.web.servlet.DynamicRegistrationBean.register(DynamicRegistrationBean.java:111)] Filter webStatFilter was not registered (possibly already registered?)
[INFO ] [2020-08-17 17:08:09] [org.springframework.boot.web.servlet.AbstractFilterRegistrationBean.configure(AbstractFilterRegistrationBean.java:245)] Mapping filter: 'webMvcMetricsFilter' to: [/*]
[INFO ] [2020-08-17 17:08:09] [org.springframework.boot.web.servlet.ServletRegistrationBean.addRegistration(ServletRegistrationBean.java:186)] Servlet statViewServlet mapped to [/druid/*]
[INFO ] [2020-08-17 17:08:09] [org.springframework.boot.web.servlet.ServletRegistrationBean.addRegistration(ServletRegistrationBean.java:186)] Servlet dispatcherServlet mapped to [/]
[INFO ] [2020-08-17 17:08:09] [org.springframework.boot.web.servlet.ServletRegistrationBean.addRegistration(ServletRegistrationBean.java:186)] Servlet statViewServlet mapped to [/druid/*]
[INFO ] [2020-08-17 17:08:09] [org.springframework.boot.web.servlet.DynamicRegistrationBean.register(DynamicRegistrationBean.java:111)] Servlet statViewServlet was not registered (possibly already registered?)
[WARN ] [2020-08-17 17:08:09] [org.springframework.context.support.AbstractApplicationContext.refresh(AbstractApplicationContext.java:558)] Exception encountered during context initialization - cancelling refresh attempt: org.springframework.beans.factory.UnsatisfiedDependencyException: Error creating bean with name 'TCruisePointInstanceController' defined in file [F:\IDEA\智慧变电\IotCenter\iot-center-platform\target\classes\com\yjh\platform\module\device\controller\TCruisePointInstanceController.class]: Unsatisfied dependency expressed through constructor parameter 0; nested exception is org.springframework.beans.factory.UnsatisfiedDependencyException: Error creating bean with name 'TCruisePointInstanceService': Unsatisfied dependency expressed through field 'tCruisePointInstanceDao'; nested exception is org.springframework.beans.factory.BeanCreationException: Error creating bean with name 'TCruisePointInstanceDao' defined in file [F:\IDEA\智慧变电\IotCenter\iot-center-platform\target\classes\com\yjh\platform\module\device\dao\TCruisePointInstanceDao.class]: Cannot resolve reference to bean 'baseSqlSessionTemplate' while setting bean property 'sqlSessionTemplate'; nested exception is org.springframework.beans.factory.UnsatisfiedDependencyException: Error creating bean with name 'baseSqlSessionTemplate' defined in class path resource [com/yjh/platform/datasource/ManageDataSourceConfig.class]: Unsatisfied dependency expressed through method 'setSqlSessionTemplate' parameter 0; nested exception is org.springframework.beans.factory.BeanCreationException: Error creating bean with name 'baseSqlSessionFactory' defined in class path resource [com/yjh/platform/datasource/ManageDataSourceConfig.class]: Bean instantiation via factory method failed; nested exception is org.springframework.beans.BeanInstantiationException: Failed to instantiate [org.apache.ibatis.session.SqlSessionFactory]: Factory method 'setSqlSessionFactory' threw exception; nested exception is java.io.FileNotFoundException: class path resource [mybatis/mabatis.mapper/] cannot be resolved to URL because it does not exist
[INFO ] [2020-08-17 17:08:10] [org.springframework.context.support.AbstractApplicationContext.prepareRefresh(AbstractApplicationContext.java:590)] Refreshing SpringClientFactory-localhost: startup date [Mon Aug 17 17:08:10 GMT+08:00 2020]; parent: org.springframework.boot.web.servlet.context.AnnotationConfigServletWebServerApplicationContext@9d157ff
[INFO ] [2020-08-17 17:08:10] [org.springframework.beans.factory.annotation.AutowiredAnnotationBeanPostProcessor.<init>(AutowiredAnnotationBeanPostProcessor.java:154)] JSR-330 'javax.inject.Inject' annotation found and supported for autowiring
[WARN ] [2020-08-17 17:08:10] [org.springframework.context.support.AbstractApplicationContext.refresh(AbstractApplicationContext.java:558)] Exception encountered during context initialization - cancelling refresh attempt: org.springframework.beans.factory.UnsatisfiedDependencyException: Error creating bean with name 'ribbonClientConfiguration': Unsatisfied dependency expressed through field 'propertiesFactory'; nested exception is org.springframework.beans.factory.BeanCreationNotAllowedException: Error creating bean with name 'propertiesFactory': Singleton bean creation not allowed while singletons of this factory are in destruction (Do not request a bean from a BeanFactory in a destroy method implementation!)
[INFO ] [2020-08-17 17:08:10] [org.springframework.boot.autoconfigure.logging.ConditionEvaluationReportLoggingListener.logAutoConfigurationReport(ConditionEvaluationReportLoggingListener.java:101)] 

Error starting ApplicationContext. To display the conditions report re-run your application with 'debug' enabled.
[ERROR] [2020-08-17 17:08:10] [org.springframework.boot.SpringApplication.reportFailure(SpringApplication.java:842)] Application run failed
org.springframework.beans.factory.UnsatisfiedDependencyException: Error creating bean with name 'TCruisePointInstanceController' defined in file [F:\IDEA\智慧变电\IotCenter\iot-center-platform\target\classes\com\yjh\platform\module\device\controller\TCruisePointInstanceController.class]: Unsatisfied dependency expressed through constructor parameter 0; nested exception is org.springframework.beans.factory.UnsatisfiedDependencyException: Error creating bean with name 'TCruisePointInstanceService': Unsatisfied dependency expressed through field 'tCruisePointInstanceDao'; nested exception is org.springframework.beans.factory.BeanCreationException: Error creating bean with name 'TCruisePointInstanceDao' defined in file [F:\IDEA\智慧变电\IotCenter\iot-center-platform\target\classes\com\yjh\platform\module\device\dao\TCruisePointInstanceDao.class]: Cannot resolve reference to bean 'baseSqlSessionTemplate' while setting bean property 'sqlSessionTemplate'; nested exception is org.springframework.beans.factory.UnsatisfiedDependencyException: Error creating bean with name 'baseSqlSessionTemplate' defined in class path resource [com/yjh/platform/datasource/ManageDataSourceConfig.class]: Unsatisfied dependency expressed through method 'setSqlSessionTemplate' parameter 0; nested exception is org.springframework.beans.factory.BeanCreationException: Error creating bean with name 'baseSqlSessionFactory' defined in class path resource [com/yjh/platform/datasource/ManageDataSourceConfig.class]: Bean instantiation via factory method failed; nested exception is org.springframework.beans.BeanInstantiationException: Failed to instantiate [org.apache.ibatis.session.SqlSessionFactory]: Factory method 'setSqlSessionFactory' threw exception; nested exception is java.io.FileNotFoundException: class path resource [mybatis/mabatis.mapper/] cannot be resolved to URL because it does not exist
	at org.springframework.beans.factory.support.ConstructorResolver.createArgumentArray(ConstructorResolver.java:732)
	at org.springframework.beans.factory.support.ConstructorResolver.autowireConstructor(ConstructorResolver.java:197)
	at org.springframework.beans.factory.support.AbstractAutowireCapableBeanFactory.autowireConstructor(AbstractAutowireCapableBeanFactory.java:1276)
	at org.springframework.beans.factory.support.AbstractAutowireCapableBeanFactory.createBeanInstance(AbstractAutowireCapableBeanFactory.java:1133)
	at org.springframework.beans.factory.support.AbstractAutowireCapableBeanFactory.doCreateBean(AbstractAutowireCapableBeanFactory.java:543)
	at org.springframework.beans.factory.support.AbstractAutowireCapableBeanFactory.createBean(AbstractAutowireCapableBeanFactory.java:503)
	at org.springframework.beans.factory.support.AbstractBeanFactory.lambda$doGetBean$0(AbstractBeanFactory.java:317)
	at org.springframework.beans.factory.support.DefaultSingletonBeanRegistry.getSingleton(DefaultSingletonBeanRegistry.java:222)
	at org.springframework.beans.factory.support.AbstractBeanFactory.doGetBean(AbstractBeanFactory.java:315)
	at org.springframework.beans.factory.support.AbstractBeanFactory.getBean(AbstractBeanFactory.java:199)
	at org.springframework.beans.factory.support.DefaultListableBeanFactory.preInstantiateSingletons(DefaultListableBeanFactory.java:760)
	at org.springframework.context.support.AbstractApplicationContext.finishBeanFactoryInitialization(AbstractApplicationContext.java:869)
	at org.springframework.context.support.AbstractApplicationContext.refresh(AbstractApplicationContext.java:550)
	at org.springframework.boot.web.servlet.context.ServletWebServerApplicationContext.refresh(ServletWebServerApplicationContext.java:140)
	at org.springframework.boot.SpringApplication.refresh(SpringApplication.java:759)
	at org.springframework.boot.SpringApplication.refreshContext(SpringApplication.java:395)
	at org.springframework.boot.SpringApplication.run(SpringApplication.java:327)
	at org.springframework.boot.SpringApplication.run(SpringApplication.java:1255)
	at org.springframework.boot.SpringApplication.run(SpringApplication.java:1243)
	at com.yjh.platform.PlatformApplication.main(PlatformApplication.java:25)
Caused by: org.springframework.beans.factory.UnsatisfiedDependencyException: Error creating bean with name 'TCruisePointInstanceService': Unsatisfied dependency expressed through field 'tCruisePointInstanceDao'; nested exception is org.springframework.beans.factory.BeanCreationException: Error creating bean with name 'TCruisePointInstanceDao' defined in file [F:\IDEA\智慧变电\IotCenter\iot-center-platform\target\classes\com\yjh\platform\module\device\dao\TCruisePointInstanceDao.class]: Cannot resolve reference to bean 'baseSqlSessionTemplate' while setting bean property 'sqlSessionTemplate'; nested exception is org.springframework.beans.factory.UnsatisfiedDependencyException: Error creating bean with name 'baseSqlSessionTemplate' defined in class path resource [com/yjh/platform/datasource/ManageDataSourceConfig.class]: Unsatisfied dependency expressed through method 'setSqlSessionTemplate' parameter 0; nested exception is org.springframework.beans.factory.BeanCreationException: Error creating bean with name 'baseSqlSessionFactory' defined in class path resource [com/yjh/platform/datasource/ManageDataSourceConfig.class]: Bean instantiation via factory method failed; nested exception is org.springframework.beans.BeanInstantiationException: Failed to instantiate [org.apache.ibatis.session.SqlSessionFactory]: Factory method 'setSqlSessionFactory' threw exception; nested exception is java.io.FileNotFoundException: class path resource [mybatis/mabatis.mapper/] cannot be resolved to URL because it does not exist
	at org.springframework.beans.factory.annotation.AutowiredAnnotationBeanPostProcessor$AutowiredFieldElement.inject(AutowiredAnnotationBeanPostProcessor.java:587)
	at org.springframework.beans.factory.annotation.InjectionMetadata.inject(InjectionMetadata.java:91)
	at org.springframework.beans.factory.annotation.AutowiredAnnotationBeanPostProcessor.postProcessPropertyValues(AutowiredAnnotationBeanPostProcessor.java:373)
	at org.springframework.beans.factory.support.AbstractAutowireCapableBeanFactory.populateBean(AbstractAutowireCapableBeanFactory.java:1350)
	at org.springframework.beans.factory.support.AbstractAutowireCapableBeanFactory.doCreateBean(AbstractAutowireCapableBeanFactory.java:580)
	at org.springframework.beans.factory.support.AbstractAutowireCapableBeanFactory.createBean(AbstractAutowireCapableBeanFactory.java:503)
	at org.springframework.beans.factory.support.AbstractBeanFactory.lambda$doGetBean$0(AbstractBeanFactory.java:317)
	at org.springframework.beans.factory.support.DefaultSingletonBeanRegistry.getSingleton(DefaultSingletonBeanRegistry.java:222)
	at org.springframework.beans.factory.support.AbstractBeanFactory.doGetBean(AbstractBeanFactory.java:315)
	at org.springframework.beans.factory.support.AbstractBeanFactory.getBean(AbstractBeanFactory.java:199)
	at org.springframework.beans.factory.config.DependencyDescriptor.resolveCandidate(DependencyDescriptor.java:251)
	at org.springframework.beans.factory.support.DefaultListableBeanFactory.doResolveDependency(DefaultListableBeanFactory.java:1138)
	at org.springframework.beans.factory.support.DefaultListableBeanFactory.resolveDependency(DefaultListableBeanFactory.java:1065)
	at org.springframework.beans.factory.support.ConstructorResolver.resolveAutowiredArgument(ConstructorResolver.java:818)
	at org.springframework.beans.factory.support.ConstructorResolver.createArgumentArray(ConstructorResolver.java:724)
	... 19 more
Caused by: org.springframework.beans.factory.BeanCreationException: Error creating bean with name 'TCruisePointInstanceDao' defined in file [F:\IDEA\智慧变电\IotCenter\iot-center-platform\target\classes\com\yjh\platform\module\device\dao\TCruisePointInstanceDao.class]: Cannot resolve reference to bean 'baseSqlSessionTemplate' while setting bean property 'sqlSessionTemplate'; nested exception is org.springframework.beans.factory.UnsatisfiedDependencyException: Error creating bean with name 'baseSqlSessionTemplate' defined in class path resource [com/yjh/platform/datasource/ManageDataSourceConfig.class]: Unsatisfied dependency expressed through method 'setSqlSessionTemplate' parameter 0; nested exception is org.springframework.beans.factory.BeanCreationException: Error creating bean with name 'baseSqlSessionFactory' defined in class path resource [com/yjh/platform/datasource/ManageDataSourceConfig.class]: Bean instantiation via factory method failed; nested exception is org.springframework.beans.BeanInstantiationException: Failed to instantiate [org.apache.ibatis.session.SqlSessionFactory]: Factory method 'setSqlSessionFactory' threw exception; nested exception is java.io.FileNotFoundException: class path resource [mybatis/mabatis.mapper/] cannot be resolved to URL because it does not exist
	at org.springframework.beans.factory.support.BeanDefinitionValueResolver.resolveReference(BeanDefinitionValueResolver.java:378)
	at org.springframework.beans.factory.support.BeanDefinitionValueResolver.resolveValueIfNecessary(BeanDefinitionValueResolver.java:110)
	at org.springframework.beans.factory.support.AbstractAutowireCapableBeanFactory.applyPropertyValues(AbstractAutowireCapableBeanFactory.java:1611)
	at org.springframework.beans.factory.support.AbstractAutowireCapableBeanFactory.populateBean(AbstractAutowireCapableBeanFactory.java:1363)
	at org.springframework.beans.factory.support.AbstractAutowireCapableBeanFactory.doCreateBean(AbstractAutowireCapableBeanFactory.java:580)
	at org.springframework.beans.factory.support.AbstractAutowireCapableBeanFactory.createBean(AbstractAutowireCapableBeanFactory.java:503)
	at org.springframework.beans.factory.support.AbstractBeanFactory.lambda$doGetBean$0(AbstractBeanFactory.java:317)
	at org.springframework.beans.factory.support.DefaultSingletonBeanRegistry.getSingleton(DefaultSingletonBeanRegistry.java:222)
	at org.springframework.beans.factory.support.AbstractBeanFactory.doGetBean(AbstractBeanFactory.java:315)
	at org.springframework.beans.factory.support.AbstractBeanFactory.getBean(AbstractBeanFactory.java:199)
	at org.springframework.beans.factory.config.DependencyDescriptor.resolveCandidate(DependencyDescriptor.java:251)
	at org.springframework.beans.factory.support.DefaultListableBeanFactory.doResolveDependency(DefaultListableBeanFactory.java:1138)
	at org.springframework.beans.factory.support.DefaultListableBeanFactory.resolveDependency(DefaultListableBeanFactory.java:1065)
	at org.springframework.beans.factory.annotation.AutowiredAnnotationBeanPostProcessor$AutowiredFieldElement.inject(AutowiredAnnotationBeanPostProcessor.java:584)
	... 33 more
Caused by: org.springframework.beans.factory.UnsatisfiedDependencyException: Error creating bean with name 'baseSqlSessionTemplate' defined in class path resource [com/yjh/platform/datasource/ManageDataSourceConfig.class]: Unsatisfied dependency expressed through method 'setSqlSessionTemplate' parameter 0; nested exception is org.springframework.beans.factory.BeanCreationException: Error creating bean with name 'baseSqlSessionFactory' defined in class path resource [com/yjh/platform/datasource/ManageDataSourceConfig.class]: Bean instantiation via factory method failed; nested exception is org.springframework.beans.BeanInstantiationException: Failed to instantiate [org.apache.ibatis.session.SqlSessionFactory]: Factory method 'setSqlSessionFactory' threw exception; nested exception is java.io.FileNotFoundException: class path resource [mybatis/mabatis.mapper/] cannot be resolved to URL because it does not exist
	at org.springframework.beans.factory.support.ConstructorResolver.createArgumentArray(ConstructorResolver.java:732)
	at org.springframework.beans.factory.support.ConstructorResolver.instantiateUsingFactoryMethod(ConstructorResolver.java:474)
	at org.springframework.beans.factory.support.AbstractAutowireCapableBeanFactory.instantiateUsingFactoryMethod(AbstractAutowireCapableBeanFactory.java:1256)
	at org.springframework.beans.factory.support.AbstractAutowireCapableBeanFactory.createBeanInstance(AbstractAutowireCapableBeanFactory.java:1105)
	at org.springframework.beans.factory.support.AbstractAutowireCapableBeanFactory.doCreateBean(AbstractAutowireCapableBeanFactory.java:543)
	at org.springframework.beans.factory.support.AbstractAutowireCapableBeanFactory.createBean(AbstractAutowireCapableBeanFactory.java:503)
	at org.springframework.beans.factory.support.AbstractBeanFactory.lambda$doGetBean$0(AbstractBeanFactory.java:317)
	at org.springframework.beans.factory.support.DefaultSingletonBeanRegistry.getSingleton(DefaultSingletonBeanRegistry.java:222)
	at org.springframework.beans.factory.support.AbstractBeanFactory.doGetBean(AbstractBeanFactory.java:315)
	at org.springframework.beans.factory.support.AbstractBeanFactory.getBean(AbstractBeanFactory.java:199)
	at org.springframework.beans.factory.support.BeanDefinitionValueResolver.resolveReference(BeanDefinitionValueResolver.java:367)
	... 46 more
Caused by: org.springframework.beans.factory.BeanCreationException: Error creating bean with name 'baseSqlSessionFactory' defined in class path resource [com/yjh/platform/datasource/ManageDataSourceConfig.class]: Bean instantiation via factory method failed; nested exception is org.springframework.beans.BeanInstantiationException: Failed to instantiate [org.apache.ibatis.session.SqlSessionFactory]: Factory method 'setSqlSessionFactory' threw exception; nested exception is java.io.FileNotFoundException: class path resource [mybatis/mabatis.mapper/] cannot be resolved to URL because it does not exist
	at org.springframework.beans.factory.support.ConstructorResolver.instantiateUsingFactoryMethod(ConstructorResolver.java:590)
	at org.springframework.beans.factory.support.AbstractAutowireCapableBeanFactory.instantiateUsingFactoryMethod(AbstractAutowireCapableBeanFactory.java:1256)
	at org.springframework.beans.factory.support.AbstractAutowireCapableBeanFactory.createBeanInstance(AbstractAutowireCapableBeanFactory.java:1105)
	at org.springframework.beans.factory.support.AbstractAutowireCapableBeanFactory.doCreateBean(AbstractAutowireCapableBeanFactory.java:543)
	at org.springframework.beans.factory.support.AbstractAutowireCapableBeanFactory.createBean(AbstractAutowireCapableBeanFactory.java:503)
	at org.springframework.beans.factory.support.AbstractBeanFactory.lambda$doGetBean$0(AbstractBeanFactory.java:317)
	at org.springframework.beans.factory.support.DefaultSingletonBeanRegistry.getSingleton(DefaultSingletonBeanRegistry.java:222)
	at org.springframework.beans.factory.support.AbstractBeanFactory.doGetBean(AbstractBeanFactory.java:315)
	at org.springframework.beans.factory.support.AbstractBeanFactory.getBean(AbstractBeanFactory.java:199)
	at org.springframework.beans.factory.config.DependencyDescriptor.resolveCandidate(DependencyDescriptor.java:251)
	at org.springframework.beans.factory.support.DefaultListableBeanFactory.doResolveDependency(DefaultListableBeanFactory.java:1138)
	at org.springframework.beans.factory.support.DefaultListableBeanFactory.resolveDependency(DefaultListableBeanFactory.java:1065)
	at org.springframework.beans.factory.support.ConstructorResolver.resolveAutowiredArgument(ConstructorResolver.java:818)
	at org.springframework.beans.factory.support.ConstructorResolver.createArgumentArray(ConstructorResolver.java:724)
	... 56 more
Caused by: org.springframework.beans.BeanInstantiationException: Failed to instantiate [org.apache.ibatis.session.SqlSessionFactory]: Factory method 'setSqlSessionFactory' threw exception; nested exception is java.io.FileNotFoundException: class path resource [mybatis/mabatis.mapper/] cannot be resolved to URL because it does not exist
	at org.springframework.beans.factory.support.SimpleInstantiationStrategy.instantiate(SimpleInstantiationStrategy.java:185)
	at org.springframework.beans.factory.support.ConstructorResolver.instantiateUsingFactoryMethod(ConstructorResolver.java:582)
	... 69 more
Caused by: java.io.FileNotFoundException: class path resource [mybatis/mabatis.mapper/] cannot be resolved to URL because it does not exist
	at org.springframework.core.io.ClassPathResource.getURL(ClassPathResource.java:195)
	at org.springframework.core.io.support.PathMatchingResourcePatternResolver.findPathMatchingResources(PathMatchingResourcePatternResolver.java:495)
	at org.springframework.core.io.support.PathMatchingResourcePatternResolver.getResources(PathMatchingResourcePatternResolver.java:296)
	at com.yjh.platform.datasource.ManageDataSourceConfig.setSqlSessionFactory(ManageDataSourceConfig.java:118)
	at com.yjh.platform.datasource.ManageDataSourceConfig$$EnhancerBySpringCGLIB$$4c84e816.CGLIB$setSqlSessionFactory$1(<generated>)
	at com.yjh.platform.datasource.ManageDataSourceConfig$$EnhancerBySpringCGLIB$$4c84e816$$FastClassBySpringCGLIB$$14d3a9e.invoke(<generated>)
	at org.springframework.cglib.proxy.MethodProxy.invokeSuper(MethodProxy.java:228)
	at org.springframework.context.annotation.ConfigurationClassEnhancer$BeanMethodInterceptor.intercept(ConfigurationClassEnhancer.java:361)
	at com.yjh.platform.datasource.ManageDataSourceConfig$$EnhancerBySpringCGLIB$$4c84e816.setSqlSessionFactory(<generated>)
	at sun.reflect.NativeMethodAccessorImpl.invoke0(Native Method)
	at sun.reflect.NativeMethodAccessorImpl.invoke(NativeMethodAccessorImpl.java:62)
	at sun.reflect.DelegatingMethodAccessorImpl.invoke(DelegatingMethodAccessorImpl.java:43)
	at java.lang.reflect.Method.invoke(Method.java:498)
	at org.springframework.beans.factory.support.SimpleInstantiationStrategy.instantiate(SimpleInstantiationStrategy.java:154)
	... 70 more
[INFO ] [2020-08-17 17:08:55] [org.hibernate.validator.internal.util.Version.<clinit>(Version.java:21)] HV000001: Hibernate Validator 6.0.10.Final
[INFO ] [2020-08-17 17:08:57] [org.springframework.cloud.commons.util.InetUtils.convertAddress(InetUtils.java:170)] Cannot determine local hostname
[INFO ] [2020-08-17 17:08:57] [org.springframework.context.support.AbstractApplicationContext.prepareRefresh(AbstractApplicationContext.java:590)] Refreshing org.springframework.context.annotation.AnnotationConfigApplicationContext@518caac3: startup date [Mon Aug 17 17:08:57 GMT+08:00 2020]; root of context hierarchy
[INFO ] [2020-08-17 17:08:57] [org.springframework.beans.factory.annotation.AutowiredAnnotationBeanPostProcessor.<init>(AutowiredAnnotationBeanPostProcessor.java:154)] JSR-330 'javax.inject.Inject' annotation found and supported for autowiring
[INFO ] [2020-08-17 17:08:57] [org.springframework.context.support.PostProcessorRegistrationDelegate$BeanPostProcessorChecker.postProcessAfterInitialization(PostProcessorRegistrationDelegate.java:328)] Bean 'configurationPropertiesRebinderAutoConfiguration' of type [org.springframework.cloud.autoconfigure.ConfigurationPropertiesRebinderAutoConfiguration$$EnhancerBySpringCGLIB$$6a2bc0c5] is not eligible for getting processed by all BeanPostProcessors (for example: not eligible for auto-proxying)
[INFO ] [2020-08-17 17:09:00] [org.springframework.cloud.commons.util.InetUtils.convertAddress(InetUtils.java:170)] Cannot determine local hostname
[INFO ] [2020-08-17 17:09:00] [org.springframework.boot.SpringApplication.logStartupProfileInfo(SpringApplication.java:663)] The following profiles are active: dev
[INFO ] [2020-08-17 17:09:00] [org.springframework.context.support.AbstractApplicationContext.prepareRefresh(AbstractApplicationContext.java:590)] Refreshing org.springframework.boot.web.servlet.context.AnnotationConfigServletWebServerApplicationContext@4a8a60bc: startup date [Mon Aug 17 17:09:00 GMT+08:00 2020]; parent: org.springframework.context.annotation.AnnotationConfigApplicationContext@518caac3
[INFO ] [2020-08-17 17:09:01] [org.springframework.beans.factory.support.DefaultListableBeanFactory.registerBeanDefinition(DefaultListableBeanFactory.java:824)] Overriding bean definition for bean 'serviceRestTemplate' with a different definition: replacing [Generic bean: class [com.yjh.platform.common.restTemplate.ServiceRestTemplate]; scope=singleton; abstract=false; lazyInit=false; autowireMode=0; dependencyCheck=0; autowireCandidate=true; primary=false; factoryBeanName=null; factoryMethodName=null; initMethodName=null; destroyMethodName=null; defined in file [F:\IDEA\智慧变电\IotCenter\iot-center-platform\target\classes\com\yjh\platform\common\restTemplate\ServiceRestTemplate.class]] with [Root bean: class [null]; scope=; abstract=false; lazyInit=false; autowireMode=3; dependencyCheck=0; autowireCandidate=true; primary=false; factoryBeanName=logsAspect; factoryMethodName=serviceRestTemplate; initMethodName=null; destroyMethodName=(inferred); defined in class path resource [com/yjh/platform/common/logs/LogsAspect.class]]
[INFO ] [2020-08-17 17:09:01] [org.springframework.beans.factory.support.DefaultListableBeanFactory.registerBeanDefinition(DefaultListableBeanFactory.java:824)] Overriding bean definition for bean 'serviceRestTemplate' with a different definition: replacing [Root bean: class [null]; scope=; abstract=false; lazyInit=false; autowireMode=3; dependencyCheck=0; autowireCandidate=true; primary=false; factoryBeanName=logsAspect; factoryMethodName=serviceRestTemplate; initMethodName=null; destroyMethodName=(inferred); defined in class path resource [com/yjh/platform/common/logs/LogsAspect.class]] with [Root bean: class [null]; scope=; abstract=false; lazyInit=false; autowireMode=3; dependencyCheck=0; autowireCandidate=true; primary=false; factoryBeanName=platformApplication; factoryMethodName=serviceRestTemplate; initMethodName=null; destroyMethodName=(inferred); defined in com.yjh.platform.PlatformApplication]
[INFO ] [2020-08-17 17:09:01] [org.springframework.data.repository.config.RepositoryConfigurationDelegate.multipleStoresDetected(RepositoryConfigurationDelegate.java:163)] Multiple Spring Data modules found, entering strict repository configuration mode!
[INFO ] [2020-08-17 17:09:02] [org.springframework.cloud.context.scope.GenericScope.setSerializationId(GenericScope.java:294)] BeanFactory id=0cb384d3-51e5-3c13-8fe2-1a1b30af8182
[INFO ] [2020-08-17 17:09:02] [org.springframework.beans.factory.annotation.AutowiredAnnotationBeanPostProcessor.<init>(AutowiredAnnotationBeanPostProcessor.java:154)] JSR-330 'javax.inject.Inject' annotation found and supported for autowiring
[INFO ] [2020-08-17 17:09:02] [org.springframework.context.support.PostProcessorRegistrationDelegate$BeanPostProcessorChecker.postProcessAfterInitialization(PostProcessorRegistrationDelegate.java:328)] Bean 'org.springframework.transaction.annotation.ProxyTransactionManagementConfiguration' of type [org.springframework.transaction.annotation.ProxyTransactionManagementConfiguration$$EnhancerBySpringCGLIB$$4e11bdc8] is not eligible for getting processed by all BeanPostProcessors (for example: not eligible for auto-proxying)
[INFO ] [2020-08-17 17:09:02] [org.springframework.context.support.PostProcessorRegistrationDelegate$BeanPostProcessorChecker.postProcessAfterInitialization(PostProcessorRegistrationDelegate.java:328)] Bean 'org.springframework.boot.context.properties.ConversionServiceDeducer$Factory' of type [org.springframework.boot.context.properties.ConversionServiceDeducer$Factory] is not eligible for getting processed by all BeanPostProcessors (for example: not eligible for auto-proxying)
[INFO ] [2020-08-17 17:09:03] [org.springframework.context.support.PostProcessorRegistrationDelegate$BeanPostProcessorChecker.postProcessAfterInitialization(PostProcessorRegistrationDelegate.java:328)] Bean 'redisConn' of type [com.yjh.platform.configuration.RedisConn] is not eligible for getting processed by all BeanPostProcessors (for example: not eligible for auto-proxying)
[INFO ] [2020-08-17 17:09:03] [org.springframework.context.support.PostProcessorRegistrationDelegate$BeanPostProcessorChecker.postProcessAfterInitialization(PostProcessorRegistrationDelegate.java:328)] Bean 'redisConfig' of type [com.yjh.platform.configuration.RedisConfig$$EnhancerBySpringCGLIB$$dd2cd9b] is not eligible for getting processed by all BeanPostProcessors (for example: not eligible for auto-proxying)
[INFO ] [2020-08-17 17:09:03] [org.springframework.context.support.PostProcessorRegistrationDelegate$BeanPostProcessorChecker.postProcessAfterInitialization(PostProcessorRegistrationDelegate.java:328)] Bean 'keyGenerator' of type [com.yjh.platform.configuration.RedisConfig$1] is not eligible for getting processed by all BeanPostProcessors (for example: not eligible for auto-proxying)
[INFO ] [2020-08-17 17:09:03] [org.springframework.context.support.PostProcessorRegistrationDelegate$BeanPostProcessorChecker.postProcessAfterInitialization(PostProcessorRegistrationDelegate.java:328)] Bean 'org.springframework.cloud.autoconfigure.ConfigurationPropertiesRebinderAutoConfiguration' of type [org.springframework.cloud.autoconfigure.ConfigurationPropertiesRebinderAutoConfiguration$$EnhancerBySpringCGLIB$$6a2bc0c5] is not eligible for getting processed by all BeanPostProcessors (for example: not eligible for auto-proxying)
[INFO ] [2020-08-17 17:09:04] [org.springframework.boot.web.embedded.tomcat.TomcatWebServer.initialize(TomcatWebServer.java:91)] Tomcat initialized with port(s): 18711 (http)
[INFO ] [2020-08-17 17:09:04] [org.springframework.boot.web.servlet.context.ServletWebServerApplicationContext.prepareWebApplicationContext(ServletWebServerApplicationContext.java:285)] Root WebApplicationContext: initialization completed in 4222 ms
[WARN ] [2020-08-17 17:09:05] [com.netflix.config.sources.URLConfigurationSource.<init>(URLConfigurationSource.java:121)] No URLs will be polled as dynamic configuration sources.
[INFO ] [2020-08-17 17:09:05] [com.netflix.config.sources.URLConfigurationSource.<init>(URLConfigurationSource.java:122)] To enable URLs as dynamic configuration sources, define System property archaius.configurationSource.additionalUrls or make config.properties available on classpath.
[INFO ] [2020-08-17 17:09:05] [com.netflix.config.DynamicPropertyFactory.getInstance(DynamicPropertyFactory.java:281)] DynamicPropertyFactory is initialized with configuration sources: com.netflix.config.ConcurrentCompositeConfiguration@53adc8e5
[INFO ] [2020-08-17 17:09:05] [com.yjh.platform.configuration.RedisConfig.redisConnectionFactory(RedisConfig.java:58)] ===============================REDIS=========================:127.0.0.1|6379
[INFO ] [2020-08-17 17:09:07] [com.yjh.platform.datasource.ManageDataSourceConfig.setDataSource(ManageDataSourceConfig.java:54)] druidDataSource001: {
	CreateTime:"2020-08-17 17:09:07",
	ActiveCount:0,
	PoolingCount:0,
	CreateCount:0,
	DestroyCount:0,
	CloseCount:0,
	ConnectCount:0,
	Connections:[
	]
}
[INFO ] [2020-08-17 17:09:08] [org.springframework.boot.web.servlet.AbstractFilterRegistrationBean.configure(AbstractFilterRegistrationBean.java:245)] Mapping filter: 'characterEncodingFilter' to: [/*]
[INFO ] [2020-08-17 17:09:08] [org.springframework.boot.web.servlet.AbstractFilterRegistrationBean.configure(AbstractFilterRegistrationBean.java:245)] Mapping filter: 'tracingFilter' to: [/*]
[INFO ] [2020-08-17 17:09:08] [org.springframework.boot.web.servlet.AbstractFilterRegistrationBean.configure(AbstractFilterRegistrationBean.java:245)] Mapping filter: 'exceptionLoggingFilter' to: [/*]
[INFO ] [2020-08-17 17:09:08] [org.springframework.boot.web.servlet.AbstractFilterRegistrationBean.configure(AbstractFilterRegistrationBean.java:245)] Mapping filter: 'sessionRepositoryFilter' to: [/*]
[INFO ] [2020-08-17 17:09:08] [org.springframework.boot.web.servlet.AbstractFilterRegistrationBean.configure(AbstractFilterRegistrationBean.java:245)] Mapping filter: 'httpTraceFilter' to: [/*]
[INFO ] [2020-08-17 17:09:08] [org.springframework.boot.web.servlet.AbstractFilterRegistrationBean.configure(AbstractFilterRegistrationBean.java:258)] Mapping filter: 'webStatFilter' to urls: [/*]
[INFO ] [2020-08-17 17:09:08] [org.springframework.boot.web.servlet.DynamicRegistrationBean.register(DynamicRegistrationBean.java:111)] Filter webStatFilter was not registered (possibly already registered?)
[INFO ] [2020-08-17 17:09:08] [org.springframework.boot.web.servlet.AbstractFilterRegistrationBean.configure(AbstractFilterRegistrationBean.java:245)] Mapping filter: 'webMvcMetricsFilter' to: [/*]
[INFO ] [2020-08-17 17:09:08] [org.springframework.boot.web.servlet.ServletRegistrationBean.addRegistration(ServletRegistrationBean.java:186)] Servlet statViewServlet mapped to [/druid/*]
[INFO ] [2020-08-17 17:09:08] [org.springframework.boot.web.servlet.ServletRegistrationBean.addRegistration(ServletRegistrationBean.java:186)] Servlet dispatcherServlet mapped to [/]
[INFO ] [2020-08-17 17:09:08] [org.springframework.boot.web.servlet.ServletRegistrationBean.addRegistration(ServletRegistrationBean.java:186)] Servlet statViewServlet mapped to [/druid/*]
[INFO ] [2020-08-17 17:09:08] [org.springframework.boot.web.servlet.DynamicRegistrationBean.register(DynamicRegistrationBean.java:111)] Servlet statViewServlet was not registered (possibly already registered?)
[WARN ] [2020-08-17 17:09:08] [org.springframework.context.support.AbstractApplicationContext.refresh(AbstractApplicationContext.java:558)] Exception encountered during context initialization - cancelling refresh attempt: org.springframework.beans.factory.UnsatisfiedDependencyException: Error creating bean with name 'TCruisePointInstanceController' defined in file [F:\IDEA\智慧变电\IotCenter\iot-center-platform\target\classes\com\yjh\platform\module\device\controller\TCruisePointInstanceController.class]: Unsatisfied dependency expressed through constructor parameter 0; nested exception is org.springframework.beans.factory.UnsatisfiedDependencyException: Error creating bean with name 'TCruisePointInstanceService': Unsatisfied dependency expressed through field 'tCruisePointInstanceDao'; nested exception is org.springframework.beans.factory.BeanCreationException: Error creating bean with name 'TCruisePointInstanceDao' defined in file [F:\IDEA\智慧变电\IotCenter\iot-center-platform\target\classes\com\yjh\platform\module\device\dao\TCruisePointInstanceDao.class]: Cannot resolve reference to bean 'baseSqlSessionTemplate' while setting bean property 'sqlSessionTemplate'; nested exception is org.springframework.beans.factory.UnsatisfiedDependencyException: Error creating bean with name 'baseSqlSessionTemplate' defined in class path resource [com/yjh/platform/datasource/ManageDataSourceConfig.class]: Unsatisfied dependency expressed through method 'setSqlSessionTemplate' parameter 0; nested exception is org.springframework.beans.factory.BeanCreationException: Error creating bean with name 'baseSqlSessionFactory' defined in class path resource [com/yjh/platform/datasource/ManageDataSourceConfig.class]: Bean instantiation via factory method failed; nested exception is org.springframework.beans.BeanInstantiationException: Failed to instantiate [org.apache.ibatis.session.SqlSessionFactory]: Factory method 'setSqlSessionFactory' threw exception; nested exception is java.io.FileNotFoundException: class path resource [mybatis/mabatis.mapper/] cannot be resolved to URL because it does not exist
[INFO ] [2020-08-17 17:09:08] [org.springframework.context.support.AbstractApplicationContext.prepareRefresh(AbstractApplicationContext.java:590)] Refreshing SpringClientFactory-localhost: startup date [Mon Aug 17 17:09:08 GMT+08:00 2020]; parent: org.springframework.boot.web.servlet.context.AnnotationConfigServletWebServerApplicationContext@4a8a60bc
[INFO ] [2020-08-17 17:09:08] [org.springframework.beans.factory.annotation.AutowiredAnnotationBeanPostProcessor.<init>(AutowiredAnnotationBeanPostProcessor.java:154)] JSR-330 'javax.inject.Inject' annotation found and supported for autowiring
[WARN ] [2020-08-17 17:09:08] [org.springframework.context.support.AbstractApplicationContext.refresh(AbstractApplicationContext.java:558)] Exception encountered during context initialization - cancelling refresh attempt: org.springframework.beans.factory.UnsatisfiedDependencyException: Error creating bean with name 'ribbonClientConfiguration': Unsatisfied dependency expressed through field 'propertiesFactory'; nested exception is org.springframework.beans.factory.BeanCreationNotAllowedException: Error creating bean with name 'propertiesFactory': Singleton bean creation not allowed while singletons of this factory are in destruction (Do not request a bean from a BeanFactory in a destroy method implementation!)
[INFO ] [2020-08-17 17:09:08] [org.springframework.boot.autoconfigure.logging.ConditionEvaluationReportLoggingListener.logAutoConfigurationReport(ConditionEvaluationReportLoggingListener.java:101)] 

Error starting ApplicationContext. To display the conditions report re-run your application with 'debug' enabled.
[ERROR] [2020-08-17 17:09:08] [org.springframework.boot.SpringApplication.reportFailure(SpringApplication.java:842)] Application run failed
org.springframework.beans.factory.UnsatisfiedDependencyException: Error creating bean with name 'TCruisePointInstanceController' defined in file [F:\IDEA\智慧变电\IotCenter\iot-center-platform\target\classes\com\yjh\platform\module\device\controller\TCruisePointInstanceController.class]: Unsatisfied dependency expressed through constructor parameter 0; nested exception is org.springframework.beans.factory.UnsatisfiedDependencyException: Error creating bean with name 'TCruisePointInstanceService': Unsatisfied dependency expressed through field 'tCruisePointInstanceDao'; nested exception is org.springframework.beans.factory.BeanCreationException: Error creating bean with name 'TCruisePointInstanceDao' defined in file [F:\IDEA\智慧变电\IotCenter\iot-center-platform\target\classes\com\yjh\platform\module\device\dao\TCruisePointInstanceDao.class]: Cannot resolve reference to bean 'baseSqlSessionTemplate' while setting bean property 'sqlSessionTemplate'; nested exception is org.springframework.beans.factory.UnsatisfiedDependencyException: Error creating bean with name 'baseSqlSessionTemplate' defined in class path resource [com/yjh/platform/datasource/ManageDataSourceConfig.class]: Unsatisfied dependency expressed through method 'setSqlSessionTemplate' parameter 0; nested exception is org.springframework.beans.factory.BeanCreationException: Error creating bean with name 'baseSqlSessionFactory' defined in class path resource [com/yjh/platform/datasource/ManageDataSourceConfig.class]: Bean instantiation via factory method failed; nested exception is org.springframework.beans.BeanInstantiationException: Failed to instantiate [org.apache.ibatis.session.SqlSessionFactory]: Factory method 'setSqlSessionFactory' threw exception; nested exception is java.io.FileNotFoundException: class path resource [mybatis/mabatis.mapper/] cannot be resolved to URL because it does not exist
	at org.springframework.beans.factory.support.ConstructorResolver.createArgumentArray(ConstructorResolver.java:732)
	at org.springframework.beans.factory.support.ConstructorResolver.autowireConstructor(ConstructorResolver.java:197)
	at org.springframework.beans.factory.support.AbstractAutowireCapableBeanFactory.autowireConstructor(AbstractAutowireCapableBeanFactory.java:1276)
	at org.springframework.beans.factory.support.AbstractAutowireCapableBeanFactory.createBeanInstance(AbstractAutowireCapableBeanFactory.java:1133)
	at org.springframework.beans.factory.support.AbstractAutowireCapableBeanFactory.doCreateBean(AbstractAutowireCapableBeanFactory.java:543)
	at org.springframework.beans.factory.support.AbstractAutowireCapableBeanFactory.createBean(AbstractAutowireCapableBeanFactory.java:503)
	at org.springframework.beans.factory.support.AbstractBeanFactory.lambda$doGetBean$0(AbstractBeanFactory.java:317)
	at org.springframework.beans.factory.support.DefaultSingletonBeanRegistry.getSingleton(DefaultSingletonBeanRegistry.java:222)
	at org.springframework.beans.factory.support.AbstractBeanFactory.doGetBean(AbstractBeanFactory.java:315)
	at org.springframework.beans.factory.support.AbstractBeanFactory.getBean(AbstractBeanFactory.java:199)
	at org.springframework.beans.factory.support.DefaultListableBeanFactory.preInstantiateSingletons(DefaultListableBeanFactory.java:760)
	at org.springframework.context.support.AbstractApplicationContext.finishBeanFactoryInitialization(AbstractApplicationContext.java:869)
	at org.springframework.context.support.AbstractApplicationContext.refresh(AbstractApplicationContext.java:550)
	at org.springframework.boot.web.servlet.context.ServletWebServerApplicationContext.refresh(ServletWebServerApplicationContext.java:140)
	at org.springframework.boot.SpringApplication.refresh(SpringApplication.java:759)
	at org.springframework.boot.SpringApplication.refreshContext(SpringApplication.java:395)
	at org.springframework.boot.SpringApplication.run(SpringApplication.java:327)
	at org.springframework.boot.SpringApplication.run(SpringApplication.java:1255)
	at org.springframework.boot.SpringApplication.run(SpringApplication.java:1243)
	at com.yjh.platform.PlatformApplication.main(PlatformApplication.java:25)
Caused by: org.springframework.beans.factory.UnsatisfiedDependencyException: Error creating bean with name 'TCruisePointInstanceService': Unsatisfied dependency expressed through field 'tCruisePointInstanceDao'; nested exception is org.springframework.beans.factory.BeanCreationException: Error creating bean with name 'TCruisePointInstanceDao' defined in file [F:\IDEA\智慧变电\IotCenter\iot-center-platform\target\classes\com\yjh\platform\module\device\dao\TCruisePointInstanceDao.class]: Cannot resolve reference to bean 'baseSqlSessionTemplate' while setting bean property 'sqlSessionTemplate'; nested exception is org.springframework.beans.factory.UnsatisfiedDependencyException: Error creating bean with name 'baseSqlSessionTemplate' defined in class path resource [com/yjh/platform/datasource/ManageDataSourceConfig.class]: Unsatisfied dependency expressed through method 'setSqlSessionTemplate' parameter 0; nested exception is org.springframework.beans.factory.BeanCreationException: Error creating bean with name 'baseSqlSessionFactory' defined in class path resource [com/yjh/platform/datasource/ManageDataSourceConfig.class]: Bean instantiation via factory method failed; nested exception is org.springframework.beans.BeanInstantiationException: Failed to instantiate [org.apache.ibatis.session.SqlSessionFactory]: Factory method 'setSqlSessionFactory' threw exception; nested exception is java.io.FileNotFoundException: class path resource [mybatis/mabatis.mapper/] cannot be resolved to URL because it does not exist
	at org.springframework.beans.factory.annotation.AutowiredAnnotationBeanPostProcessor$AutowiredFieldElement.inject(AutowiredAnnotationBeanPostProcessor.java:587)
	at org.springframework.beans.factory.annotation.InjectionMetadata.inject(InjectionMetadata.java:91)
	at org.springframework.beans.factory.annotation.AutowiredAnnotationBeanPostProcessor.postProcessPropertyValues(AutowiredAnnotationBeanPostProcessor.java:373)
	at org.springframework.beans.factory.support.AbstractAutowireCapableBeanFactory.populateBean(AbstractAutowireCapableBeanFactory.java:1350)
	at org.springframework.beans.factory.support.AbstractAutowireCapableBeanFactory.doCreateBean(AbstractAutowireCapableBeanFactory.java:580)
	at org.springframework.beans.factory.support.AbstractAutowireCapableBeanFactory.createBean(AbstractAutowireCapableBeanFactory.java:503)
	at org.springframework.beans.factory.support.AbstractBeanFactory.lambda$doGetBean$0(AbstractBeanFactory.java:317)
	at org.springframework.beans.factory.support.DefaultSingletonBeanRegistry.getSingleton(DefaultSingletonBeanRegistry.java:222)
	at org.springframework.beans.factory.support.AbstractBeanFactory.doGetBean(AbstractBeanFactory.java:315)
	at org.springframework.beans.factory.support.AbstractBeanFactory.getBean(AbstractBeanFactory.java:199)
	at org.springframework.beans.factory.config.DependencyDescriptor.resolveCandidate(DependencyDescriptor.java:251)
	at org.springframework.beans.factory.support.DefaultListableBeanFactory.doResolveDependency(DefaultListableBeanFactory.java:1138)
	at org.springframework.beans.factory.support.DefaultListableBeanFactory.resolveDependency(DefaultListableBeanFactory.java:1065)
	at org.springframework.beans.factory.support.ConstructorResolver.resolveAutowiredArgument(ConstructorResolver.java:818)
	at org.springframework.beans.factory.support.ConstructorResolver.createArgumentArray(ConstructorResolver.java:724)
	... 19 more
Caused by: org.springframework.beans.factory.BeanCreationException: Error creating bean with name 'TCruisePointInstanceDao' defined in file [F:\IDEA\智慧变电\IotCenter\iot-center-platform\target\classes\com\yjh\platform\module\device\dao\TCruisePointInstanceDao.class]: Cannot resolve reference to bean 'baseSqlSessionTemplate' while setting bean property 'sqlSessionTemplate'; nested exception is org.springframework.beans.factory.UnsatisfiedDependencyException: Error creating bean with name 'baseSqlSessionTemplate' defined in class path resource [com/yjh/platform/datasource/ManageDataSourceConfig.class]: Unsatisfied dependency expressed through method 'setSqlSessionTemplate' parameter 0; nested exception is org.springframework.beans.factory.BeanCreationException: Error creating bean with name 'baseSqlSessionFactory' defined in class path resource [com/yjh/platform/datasource/ManageDataSourceConfig.class]: Bean instantiation via factory method failed; nested exception is org.springframework.beans.BeanInstantiationException: Failed to instantiate [org.apache.ibatis.session.SqlSessionFactory]: Factory method 'setSqlSessionFactory' threw exception; nested exception is java.io.FileNotFoundException: class path resource [mybatis/mabatis.mapper/] cannot be resolved to URL because it does not exist
	at org.springframework.beans.factory.support.BeanDefinitionValueResolver.resolveReference(BeanDefinitionValueResolver.java:378)
	at org.springframework.beans.factory.support.BeanDefinitionValueResolver.resolveValueIfNecessary(BeanDefinitionValueResolver.java:110)
	at org.springframework.beans.factory.support.AbstractAutowireCapableBeanFactory.applyPropertyValues(AbstractAutowireCapableBeanFactory.java:1611)
	at org.springframework.beans.factory.support.AbstractAutowireCapableBeanFactory.populateBean(AbstractAutowireCapableBeanFactory.java:1363)
	at org.springframework.beans.factory.support.AbstractAutowireCapableBeanFactory.doCreateBean(AbstractAutowireCapableBeanFactory.java:580)
	at org.springframework.beans.factory.support.AbstractAutowireCapableBeanFactory.createBean(AbstractAutowireCapableBeanFactory.java:503)
	at org.springframework.beans.factory.support.AbstractBeanFactory.lambda$doGetBean$0(AbstractBeanFactory.java:317)
	at org.springframework.beans.factory.support.DefaultSingletonBeanRegistry.getSingleton(DefaultSingletonBeanRegistry.java:222)
	at org.springframework.beans.factory.support.AbstractBeanFactory.doGetBean(AbstractBeanFactory.java:315)
	at org.springframework.beans.factory.support.AbstractBeanFactory.getBean(AbstractBeanFactory.java:199)
	at org.springframework.beans.factory.config.DependencyDescriptor.resolveCandidate(DependencyDescriptor.java:251)
	at org.springframework.beans.factory.support.DefaultListableBeanFactory.doResolveDependency(DefaultListableBeanFactory.java:1138)
	at org.springframework.beans.factory.support.DefaultListableBeanFactory.resolveDependency(DefaultListableBeanFactory.java:1065)
	at org.springframework.beans.factory.annotation.AutowiredAnnotationBeanPostProcessor$AutowiredFieldElement.inject(AutowiredAnnotationBeanPostProcessor.java:584)
	... 33 more
Caused by: org.springframework.beans.factory.UnsatisfiedDependencyException: Error creating bean with name 'baseSqlSessionTemplate' defined in class path resource [com/yjh/platform/datasource/ManageDataSourceConfig.class]: Unsatisfied dependency expressed through method 'setSqlSessionTemplate' parameter 0; nested exception is org.springframework.beans.factory.BeanCreationException: Error creating bean with name 'baseSqlSessionFactory' defined in class path resource [com/yjh/platform/datasource/ManageDataSourceConfig.class]: Bean instantiation via factory method failed; nested exception is org.springframework.beans.BeanInstantiationException: Failed to instantiate [org.apache.ibatis.session.SqlSessionFactory]: Factory method 'setSqlSessionFactory' threw exception; nested exception is java.io.FileNotFoundException: class path resource [mybatis/mabatis.mapper/] cannot be resolved to URL because it does not exist
	at org.springframework.beans.factory.support.ConstructorResolver.createArgumentArray(ConstructorResolver.java:732)
	at org.springframework.beans.factory.support.ConstructorResolver.instantiateUsingFactoryMethod(ConstructorResolver.java:474)
	at org.springframework.beans.factory.support.AbstractAutowireCapableBeanFactory.instantiateUsingFactoryMethod(AbstractAutowireCapableBeanFactory.java:1256)
	at org.springframework.beans.factory.support.AbstractAutowireCapableBeanFactory.createBeanInstance(AbstractAutowireCapableBeanFactory.java:1105)
	at org.springframework.beans.factory.support.AbstractAutowireCapableBeanFactory.doCreateBean(AbstractAutowireCapableBeanFactory.java:543)
	at org.springframework.beans.factory.support.AbstractAutowireCapableBeanFactory.createBean(AbstractAutowireCapableBeanFactory.java:503)
	at org.springframework.beans.factory.support.AbstractBeanFactory.lambda$doGetBean$0(AbstractBeanFactory.java:317)
	at org.springframework.beans.factory.support.DefaultSingletonBeanRegistry.getSingleton(DefaultSingletonBeanRegistry.java:222)
	at org.springframework.beans.factory.support.AbstractBeanFactory.doGetBean(AbstractBeanFactory.java:315)
	at org.springframework.beans.factory.support.AbstractBeanFactory.getBean(AbstractBeanFactory.java:199)
	at org.springframework.beans.factory.support.BeanDefinitionValueResolver.resolveReference(BeanDefinitionValueResolver.java:367)
	... 46 more
Caused by: org.springframework.beans.factory.BeanCreationException: Error creating bean with name 'baseSqlSessionFactory' defined in class path resource [com/yjh/platform/datasource/ManageDataSourceConfig.class]: Bean instantiation via factory method failed; nested exception is org.springframework.beans.BeanInstantiationException: Failed to instantiate [org.apache.ibatis.session.SqlSessionFactory]: Factory method 'setSqlSessionFactory' threw exception; nested exception is java.io.FileNotFoundException: class path resource [mybatis/mabatis.mapper/] cannot be resolved to URL because it does not exist
	at org.springframework.beans.factory.support.ConstructorResolver.instantiateUsingFactoryMethod(ConstructorResolver.java:590)
	at org.springframework.beans.factory.support.AbstractAutowireCapableBeanFactory.instantiateUsingFactoryMethod(AbstractAutowireCapableBeanFactory.java:1256)
	at org.springframework.beans.factory.support.AbstractAutowireCapableBeanFactory.createBeanInstance(AbstractAutowireCapableBeanFactory.java:1105)
	at org.springframework.beans.factory.support.AbstractAutowireCapableBeanFactory.doCreateBean(AbstractAutowireCapableBeanFactory.java:543)
	at org.springframework.beans.factory.support.AbstractAutowireCapableBeanFactory.createBean(AbstractAutowireCapableBeanFactory.java:503)
	at org.springframework.beans.factory.support.AbstractBeanFactory.lambda$doGetBean$0(AbstractBeanFactory.java:317)
	at org.springframework.beans.factory.support.DefaultSingletonBeanRegistry.getSingleton(DefaultSingletonBeanRegistry.java:222)
	at org.springframework.beans.factory.support.AbstractBeanFactory.doGetBean(AbstractBeanFactory.java:315)
	at org.springframework.beans.factory.support.AbstractBeanFactory.getBean(AbstractBeanFactory.java:199)
	at org.springframework.beans.factory.config.DependencyDescriptor.resolveCandidate(DependencyDescriptor.java:251)
	at org.springframework.beans.factory.support.DefaultListableBeanFactory.doResolveDependency(DefaultListableBeanFactory.java:1138)
	at org.springframework.beans.factory.support.DefaultListableBeanFactory.resolveDependency(DefaultListableBeanFactory.java:1065)
	at org.springframework.beans.factory.support.ConstructorResolver.resolveAutowiredArgument(ConstructorResolver.java:818)
	at org.springframework.beans.factory.support.ConstructorResolver.createArgumentArray(ConstructorResolver.java:724)
	... 56 more
Caused by: org.springframework.beans.BeanInstantiationException: Failed to instantiate [org.apache.ibatis.session.SqlSessionFactory]: Factory method 'setSqlSessionFactory' threw exception; nested exception is java.io.FileNotFoundException: class path resource [mybatis/mabatis.mapper/] cannot be resolved to URL because it does not exist
	at org.springframework.beans.factory.support.SimpleInstantiationStrategy.instantiate(SimpleInstantiationStrategy.java:185)
	at org.springframework.beans.factory.support.ConstructorResolver.instantiateUsingFactoryMethod(ConstructorResolver.java:582)
	... 69 more
Caused by: java.io.FileNotFoundException: class path resource [mybatis/mabatis.mapper/] cannot be resolved to URL because it does not exist
	at org.springframework.core.io.ClassPathResource.getURL(ClassPathResource.java:195)
	at org.springframework.core.io.support.PathMatchingResourcePatternResolver.findPathMatchingResources(PathMatchingResourcePatternResolver.java:495)
	at org.springframework.core.io.support.PathMatchingResourcePatternResolver.getResources(PathMatchingResourcePatternResolver.java:296)
	at com.yjh.platform.datasource.ManageDataSourceConfig.setSqlSessionFactory(ManageDataSourceConfig.java:118)
	at com.yjh.platform.datasource.ManageDataSourceConfig$$EnhancerBySpringCGLIB$$5a9f8e8b.CGLIB$setSqlSessionFactory$1(<generated>)
	at com.yjh.platform.datasource.ManageDataSourceConfig$$EnhancerBySpringCGLIB$$5a9f8e8b$$FastClassBySpringCGLIB$$3c3960b.invoke(<generated>)
	at org.springframework.cglib.proxy.MethodProxy.invokeSuper(MethodProxy.java:228)
	at org.springframework.context.annotation.ConfigurationClassEnhancer$BeanMethodInterceptor.intercept(ConfigurationClassEnhancer.java:361)
	at com.yjh.platform.datasource.ManageDataSourceConfig$$EnhancerBySpringCGLIB$$5a9f8e8b.setSqlSessionFactory(<generated>)
	at sun.reflect.NativeMethodAccessorImpl.invoke0(Native Method)
	at sun.reflect.NativeMethodAccessorImpl.invoke(NativeMethodAccessorImpl.java:62)
	at sun.reflect.DelegatingMethodAccessorImpl.invoke(DelegatingMethodAccessorImpl.java:43)
	at java.lang.reflect.Method.invoke(Method.java:498)
	at org.springframework.beans.factory.support.SimpleInstantiationStrategy.instantiate(SimpleInstantiationStrategy.java:154)
	... 70 more
